<?xml version="1.0" encoding="utf-8"?><testsuites name="pytest tests"><testsuite name="pytest" errors="0" failures="0" skipped="0" tests="0" time="12.116" timestamp="2025-08-31T00:01:32.421601-07:00" hostname="BOOK-FVJOEO3Q00" /></testsuites>