<?xml version="1.0" encoding="utf-8"?><testsuites name="pytest tests"><testsuite name="pytest" errors="0" failures="0" skipped="0" tests="1" time="2.749" timestamp="2025-08-22T22:13:32.394691-07:00" hostname="BOOK-FVJOEO3Q00"><testcase classname="tests.api.test_api_main_import" name="test_api_main_import_smoke" time="2.551" /></testsuite></testsuites>